src/app/dashboard/admin/page.tsx(71,46): error TS2367: This comparison appears to be unintentional because the types '"HOME" | "CAR"' and '"Home"' have no overlap.
src/app/dashboard/admin/page.tsx(72,44): error TS2367: This comparison appears to be unintentional because the types '"HOME" | "CAR"' and '"Car"' have no overlap.
src/app/dashboard/admin/page.tsx(76,9): error TS2554: Expected 1 arguments, but got 0.
src/app/dashboard/admin/page.tsx(894,46): error TS2304: Cannot find name 'mockVerificationHistory'.
src/app/dashboard/admin/page.tsx(895,57): error TS7006: Parameter 'item' implicitly has an 'any' type.
src/app/dashboard/admin/page.tsx(896,55): error TS7006: Parameter 'item' implicitly has an 'any' type.
src/app/dashboard/admin/users/[id]/page.tsx(16,5): error TS6133: 'MoreHorizontal' is declared but its value is never read.
src/app/dashboard/admin/users/[id]/page.tsx(18,5): error TS6133: 'Car' is declared but its value is never read.
src/app/dashboard/admin/users/[id]/page.tsx(20,52): error TS6133: 'CardDescription' is declared but its value is never read.
src/app/dashboard/admin/users/[id]/page.tsx(23,34): error TS6133: 'AvatarImage' is declared but its value is never read.
src/app/dashboard/admin/users/page.tsx(13,5): error TS6133: 'Mail' is declared but its value is never read.
src/app/dashboard/admin/users/page.tsx(15,5): error TS6133: 'ChevronDown' is declared but its value is never read.
src/app/dashboard/admin/users/page.tsx(17,41): error TS6133: 'CardTitle' is declared but its value is never read.
src/app/dashboard/admin/users/page.tsx(17,52): error TS6133: 'CardDescription' is declared but its value is never read.
src/app/dashboard/admin/users/page.tsx(21,34): error TS6133: 'AvatarImage' is declared but its value is never read.
src/app/dashboard/admin/users/page.tsx(37,1): error TS6133: 'Separator' is declared but its value is never read.
src/app/dashboard/admin/users/page.tsx(38,1): error TS6192: All imports in import declaration are unused.
src/app/dashboard/admin/users/page.tsx(53,7): error TS6133: 'getMockUserProfile' is declared but its value is never read.
src/app/dashboard/admin/verifications/agent/[id]/page.tsx(10,5): error TS6133: 'Users' is declared but its value is never read.
src/app/dashboard/admin/verifications/agent/[id]/page.tsx(13,5): error TS6133: 'FileText' is declared but its value is never read.
src/app/dashboard/admin/verifications/agent/[id]/page.tsx(15,5): error TS6133: 'Shield' is declared but its value is never read.
src/app/dashboard/admin/verifications/property/[id]/page.tsx(15,5): error TS6133: 'ShieldCheck' is declared but its value is never read.
src/app/dashboard/agent/page.tsx(13,5): error TS6133: 'DollarSign' is declared but its value is never read.
src/app/dashboard/agent/page.tsx(14,5): error TS6133: 'ChevronUp' is declared but its value is never read.
src/app/dashboard/agent/page.tsx(15,5): error TS6133: 'ChevronDown' is declared but its value is never read.
src/app/dashboard/agent/page.tsx(18,5): error TS6133: 'Calendar' is declared but its value is never read.
src/app/dashboard/agent/page.tsx(19,5): error TS6133: 'Eye' is declared but its value is never read.
src/app/dashboard/agent/page.tsx(20,5): error TS6133: 'TrendingUp' is declared but its value is never read.
src/app/dashboard/agent/page.tsx(59,12): error TS6133: 'expandedSchedules' is declared but its value is never read.
src/app/dashboard/agent/page.tsx(63,11): error TS6133: 'toggleSchedule' is declared but its value is never read.
src/app/dashboard/agent/page.tsx(205,62): error TS2339: Property 'leaseId' does not exist on type 'Lease'.
src/app/dashboard/agent/page.tsx(217,79): error TS2339: Property 'location' does not exist on type 'Property'.
src/app/dashboard/agent/page.tsx(266,131): error TS2339: Property 'paymentModel' does not exist on type 'Lease'.
src/app/dashboard/agent/page.tsx(275,138): error TS2339: Property 'leaseId' does not exist on type 'Lease'.
src/app/dashboard/customer/documents/contract/[id]/page.tsx(9,5): error TS6133: 'FileText' is declared but its value is never read.
src/app/dashboard/customer/documents/contract/[id]/page.tsx(11,5): error TS6133: 'Calendar' is declared but its value is never read.
src/app/dashboard/customer/documents/contract/[id]/page.tsx(12,5): error TS6133: 'User' is declared but its value is never read.
src/app/dashboard/customer/documents/contract/[id]/page.tsx(14,5): error TS6133: 'MapPin' is declared but its value is never read.
src/app/dashboard/customer/documents/contract/[id]/page.tsx(15,5): error TS6133: 'Square' is declared but its value is never read.
src/app/dashboard/customer/documents/contract/[id]/page.tsx(103,98): error TS2339: Property 'location' does not exist on type 'Property'.
src/app/dashboard/customer/documents/receipt/[id]/page.tsx(10,5): error TS6133: 'FileText' is declared but its value is never read.
src/app/dashboard/customer/documents/receipt/[id]/page.tsx(12,5): error TS6133: 'Calendar' is declared but its value is never read.
src/app/dashboard/customer/documents/receipt/[id]/page.tsx(13,5): error TS6133: 'User' is declared but its value is never read.
src/app/dashboard/customer/documents/receipt/[id]/page.tsx(23,1): error TS6133: 'cn' is declared but its value is never read.
src/app/dashboard/customer/lease/[id]/page.tsx(3,15): error TS6133: 'useState' is declared but its value is never read.
src/app/dashboard/customer/lease/[id]/page.tsx(3,25): error TS6133: 'useEffect' is declared but its value is never read.
src/app/dashboard/customer/lease/[id]/page.tsx(7,5): error TS6133: 'Calendar' is declared but its value is never read.
src/app/dashboard/customer/lease/[id]/page.tsx(16,5): error TS6133: 'CheckCircle' is declared but its value is never read.
src/app/dashboard/customer/lease/[id]/page.tsx(17,5): error TS6133: 'ArrowRight' is declared but its value is never read.
src/app/dashboard/customer/lease/[id]/page.tsx(19,5): error TS6133: 'Car' is declared but its value is never read.
src/app/dashboard/customer/lease/[id]/page.tsx(98,74): error TS2339: Property 'location' does not exist on type 'Property'.
src/app/dashboard/customer/lease/[id]/page.tsx(113,55): error TS2339: Property 'type' does not exist on type 'Property'.
src/app/dashboard/customer/lease/[id]/page.tsx(114,55): error TS2339: Property 'type' does not exist on type 'Property'.
src/app/dashboard/customer/page.tsx(4,1): error TS6133: 'TabsPrimitive' is declared but its value is never read.
src/app/dashboard/customer/page.tsx(5,51): error TS6133: 'getImageUrl' is declared but its value is never read.
src/app/dashboard/customer/page.tsx(24,5): error TS6133: 'ImagePlus' is declared but its value is never read.
src/app/dashboard/customer/page.tsx(42,5): error TS6133: 'mockApplications' is declared but its value is never read.
src/app/dashboard/customer/page.tsx(43,5): error TS6133: 'mockLeases' is declared but its value is never read.
src/app/dashboard/customer/page.tsx(45,5): error TS6133: 'mockMaintenanceRequests' is declared but its value is never read.
src/app/dashboard/customer/page.tsx(46,5): error TS6133: 'mockFavorites' is declared but its value is never read.
src/app/dashboard/customer/page.tsx(47,5): error TS6133: 'mockProperties' is declared but its value is never read.
src/app/dashboard/customer/page.tsx(48,5): error TS2300: Duplicate identifier 'MaintenanceCategory'.
src/app/dashboard/customer/page.tsx(65,1): error TS6133: 'useTransactionStore' is declared but its value is never read.
src/app/dashboard/customer/page.tsx(67,31): error TS2300: Duplicate identifier 'MaintenanceCategory'.
src/app/dashboard/customer/page.tsx(71,66): error TS6133: 'isAfter' is declared but its value is never read.
src/app/dashboard/customer/page.tsx(85,12): error TS6133: 'initiateChatData' is declared but its value is never read.
src/app/dashboard/customer/page.tsx(85,30): error TS6133: 'setInitiateChatData' is declared but its value is never read.
src/app/dashboard/customer/page.tsx(86,12): error TS6133: 'openingMessage' is declared but its value is never read.
src/app/dashboard/customer/page.tsx(86,28): error TS6133: 'setOpeningMessage' is declared but its value is never read.
src/app/dashboard/customer/page.tsx(97,13): error TS2339: Property 'maintenanceRequests' does not exist on type 'MaintenanceState'.
src/app/dashboard/customer/page.tsx(97,34): error TS2339: Property 'createMaintenanceRequest' does not exist on type 'MaintenanceState'.
src/app/dashboard/customer/page.tsx(111,11): error TS6133: 'isCustomerLoading' is declared but its value is never read.
src/app/dashboard/customer/page.tsx(120,11): error TS6133: 'handleRemoveFavorite' is declared but its value is never read.
src/app/dashboard/customer/page.tsx(151,11): error TS6133: 'handleCreateMaintenanceRequest' is declared but its value is never read.
src/app/dashboard/customer/page.tsx(274,115): error TS7006: Parameter 'r' implicitly has an 'any' type.
src/app/dashboard/customer/page.tsx(878,62): error TS7006: Parameter 'request' implicitly has an 'any' type.
src/app/dashboard/owner/documents/contract/[id]/page.tsx(9,5): error TS6133: 'FileText' is declared but its value is never read.
src/app/dashboard/owner/documents/contract/[id]/page.tsx(11,5): error TS6133: 'Calendar' is declared but its value is never read.
src/app/dashboard/owner/documents/contract/[id]/page.tsx(12,5): error TS6133: 'User' is declared but its value is never read.
src/app/dashboard/owner/documents/contract/[id]/page.tsx(14,5): error TS6133: 'MapPin' is declared but its value is never read.
src/app/dashboard/owner/documents/contract/[id]/page.tsx(15,5): error TS6133: 'Square' is declared but its value is never read.
src/app/dashboard/owner/documents/contract/[id]/page.tsx(104,98): error TS2339: Property 'location' does not exist on type 'Property'.
src/app/dashboard/owner/documents/receipt/[id]/page.tsx(20,1): error TS6133: 'cn' is declared but its value is never read.
src/app/dashboard/owner/lease/[id]/page.tsx(3,15): error TS6133: 'useState' is declared but its value is never read.
src/app/dashboard/owner/lease/[id]/page.tsx(25,38): error TS6133: 'differenceInDays' is declared but its value is never read.
src/app/dashboard/owner/page.tsx(14,5): error TS6133: 'Users' is declared but its value is never read.
src/app/dashboard/owner/page.tsx(66,31): error TS6133: 'MaintenanceCategory' is declared but its value is never read.
src/app/dashboard/owner/page.tsx(163,38): error TS2304: Cannot find name 'AlertCircle'.
src/app/dashboard/owner/page.tsx(613,86): error TS2304: Cannot find name 'Eye'.
src/app/dashboard/owner/page.tsx(748,74): error TS2304: Cannot find name 'AlertCircle'.
src/app/listings/page.tsx(5,10): error TS6133: 'Filter' is declared but its value is never read.
src/app/page.tsx(18,5): error TS6133: 'ChevronLeft' is declared but its value is never read.
src/app/page.tsx(19,5): error TS6133: 'ChevronRight' is declared but its value is never read.
src/app/page.tsx(28,5): error TS6133: 'CarouselNext' is declared but its value is never read.
src/app/page.tsx(29,5): error TS6133: 'CarouselPrevious' is declared but its value is never read.
src/app/property/[id]/page.tsx(19,5): error TS6133: 'MessageSquareText' is declared but its value is never read.
src/app/search/components/FiltersBar.tsx(6,30): error TS6133: 'Search' is declared but its value is never read.
src/app/search/components/FiltersBar.tsx(6,44): error TS6133: 'Car' is declared but its value is never read.
src/app/search/components/FiltersBar.tsx(17,9): error TS6133: 'searchType' is declared but its value is never read.
src/app/search/components/FiltersBar.tsx(21,9): error TS6133: 'setSearchType' is declared but its value is never read.
src/app/search/components/Listings.tsx(20,43): error TS2554: Expected 1 arguments, but got 2.
src/app/search/components/Listings.tsx(22,40): error TS2554: Expected 1 arguments, but got 2.
src/app/search/page.tsx(45,28): error TS2554: Expected 0 arguments, but got 1.
src/components/forms/CreateLeaseForm.tsx(87,75): error TS2551: Property 'ownerId' does not exist on type 'Property'. Did you mean 'owner'?
