src/app/dashboard/admin/page.tsx(62,7): error TS6133: 'mockPendingProperties' is declared but its value is never read.
src/app/dashboard/admin/page.tsx(68,7): error TS6133: 'mockPendingAgents' is declared but its value is never read.
src/app/dashboard/admin/page.tsx(81,11): error TS6133: 'isVehLoading' is declared but its value is never read.
src/app/dashboard/admin/page.tsx(82,13): error TS6133: 'applications' is declared but its value is never read.
src/app/dashboard/admin/page.tsx(82,57): error TS6133: 'isAppLoading' is declared but its value is never read.
src/app/dashboard/admin/page.tsx(83,23): error TS6133: 'maintenanceRequests' is declared but its value is never read.
src/app/dashboard/admin/page.tsx(83,96): error TS6133: 'isMaintenanceLoading' is declared but its value is never read.
src/app/dashboard/admin/page.tsx(84,13): error TS6133: 'leases' is declared but its value is never read.
src/app/dashboard/admin/page.tsx(84,45): error TS6133: 'isLeaseLoading' is declared but its value is never read.
src/app/dashboard/admin/page.tsx(86,46): error TS2367: This comparison appears to be unintentional because the types '"HOME" | "CAR"' and '"Home"' have no overlap.
src/app/dashboard/admin/page.tsx(87,44): error TS2367: This comparison appears to be unintentional because the types '"HOME" | "CAR"' and '"Car"' have no overlap.
src/app/dashboard/admin/page.tsx(91,9): error TS2554: Expected 1 arguments, but got 0.
src/app/dashboard/admin/page.tsx(784,94): error TS2552: Cannot find name 'pendingProperties'. Did you mean 'mockPendingProperties'?
src/app/dashboard/admin/page.tsx(788,38): error TS2552: Cannot find name 'pendingProperties'. Did you mean 'mockPendingProperties'?
src/app/dashboard/admin/page.tsx(790,46): error TS2552: Cannot find name 'pendingProperties'. Did you mean 'mockPendingProperties'?
src/app/dashboard/admin/page.tsx(790,68): error TS7006: Parameter 'p' implicitly has an 'any' type.
src/app/dashboard/admin/page.tsx(831,94): error TS2552: Cannot find name 'pendingAgents'. Did you mean 'mockPendingAgents'?
src/app/dashboard/admin/page.tsx(835,38): error TS2552: Cannot find name 'pendingAgents'. Did you mean 'mockPendingAgents'?
src/app/dashboard/admin/page.tsx(837,46): error TS2552: Cannot find name 'pendingAgents'. Did you mean 'mockPendingAgents'?
src/app/dashboard/admin/page.tsx(837,64): error TS7006: Parameter 'a' implicitly has an 'any' type.
src/app/dashboard/admin/page.tsx(842,88): error TS7006: Parameter 'n' implicitly has an 'any' type.
src/app/dashboard/admin/users/[id]/page.tsx(16,5): error TS6133: 'MoreHorizontal' is declared but its value is never read.
src/app/dashboard/admin/users/[id]/page.tsx(18,5): error TS6133: 'Car' is declared but its value is never read.
src/app/dashboard/admin/users/[id]/page.tsx(20,52): error TS6133: 'CardDescription' is declared but its value is never read.
src/app/dashboard/admin/users/[id]/page.tsx(23,34): error TS6133: 'AvatarImage' is declared but its value is never read.
src/app/dashboard/admin/users/page.tsx(13,5): error TS6133: 'Mail' is declared but its value is never read.
src/app/dashboard/admin/users/page.tsx(15,5): error TS6133: 'ChevronDown' is declared but its value is never read.
src/app/dashboard/admin/users/page.tsx(17,41): error TS6133: 'CardTitle' is declared but its value is never read.
src/app/dashboard/admin/users/page.tsx(17,52): error TS6133: 'CardDescription' is declared but its value is never read.
src/app/dashboard/admin/users/page.tsx(21,34): error TS6133: 'AvatarImage' is declared but its value is never read.
src/app/dashboard/admin/users/page.tsx(37,1): error TS6133: 'Separator' is declared but its value is never read.
src/app/dashboard/admin/users/page.tsx(38,1): error TS6192: All imports in import declaration are unused.
src/app/dashboard/admin/users/page.tsx(53,7): error TS6133: 'getMockUserProfile' is declared but its value is never read.
src/app/dashboard/admin/verifications/agent/[id]/page.tsx(10,5): error TS6133: 'Users' is declared but its value is never read.
src/app/dashboard/admin/verifications/agent/[id]/page.tsx(13,5): error TS6133: 'FileText' is declared but its value is never read.
src/app/dashboard/admin/verifications/agent/[id]/page.tsx(15,5): error TS6133: 'Shield' is declared but its value is never read.
src/app/dashboard/admin/verifications/property/[id]/page.tsx(15,5): error TS6133: 'ShieldCheck' is declared but its value is never read.
src/app/dashboard/agent/page.tsx(13,5): error TS6133: 'DollarSign' is declared but its value is never read.
src/app/dashboard/agent/page.tsx(14,5): error TS6133: 'ChevronUp' is declared but its value is never read.
src/app/dashboard/agent/page.tsx(15,5): error TS6133: 'ChevronDown' is declared but its value is never read.
src/app/dashboard/agent/page.tsx(18,5): error TS6133: 'Calendar' is declared but its value is never read.
src/app/dashboard/agent/page.tsx(19,5): error TS6133: 'Eye' is declared but its value is never read.
src/app/dashboard/agent/page.tsx(20,5): error TS6133: 'TrendingUp' is declared but its value is never read.
src/app/dashboard/agent/page.tsx(59,12): error TS6133: 'expandedSchedules' is declared but its value is never read.
src/app/dashboard/agent/page.tsx(63,11): error TS6133: 'toggleSchedule' is declared but its value is never read.
src/app/dashboard/agent/page.tsx(205,62): error TS2339: Property 'leaseId' does not exist on type 'Lease'.
src/app/dashboard/agent/page.tsx(217,79): error TS2339: Property 'location' does not exist on type 'Property'.
src/app/dashboard/agent/page.tsx(266,131): error TS2339: Property 'paymentModel' does not exist on type 'Lease'.
src/app/dashboard/agent/page.tsx(275,138): error TS2339: Property 'leaseId' does not exist on type 'Lease'.
src/app/dashboard/customer/documents/contract/[id]/page.tsx(9,5): error TS6133: 'FileText' is declared but its value is never read.
src/app/dashboard/customer/documents/contract/[id]/page.tsx(11,5): error TS6133: 'Calendar' is declared but its value is never read.
src/app/dashboard/customer/documents/contract/[id]/page.tsx(12,5): error TS6133: 'User' is declared but its value is never read.
src/app/dashboard/customer/documents/contract/[id]/page.tsx(14,5): error TS6133: 'MapPin' is declared but its value is never read.
src/app/dashboard/customer/documents/contract/[id]/page.tsx(15,5): error TS6133: 'Square' is declared but its value is never read.
src/app/dashboard/customer/documents/contract/[id]/page.tsx(103,98): error TS2339: Property 'location' does not exist on type 'Property'.
src/app/dashboard/customer/documents/receipt/[id]/page.tsx(10,5): error TS6133: 'FileText' is declared but its value is never read.
src/app/dashboard/customer/documents/receipt/[id]/page.tsx(12,5): error TS6133: 'Calendar' is declared but its value is never read.
src/app/dashboard/customer/documents/receipt/[id]/page.tsx(13,5): error TS6133: 'User' is declared but its value is never read.
src/app/dashboard/customer/documents/receipt/[id]/page.tsx(23,1): error TS6133: 'cn' is declared but its value is never read.
src/app/dashboard/customer/lease/[id]/page.tsx(3,15): error TS6133: 'useState' is declared but its value is never read.
src/app/dashboard/customer/lease/[id]/page.tsx(3,25): error TS6133: 'useEffect' is declared but its value is never read.
src/app/dashboard/customer/lease/[id]/page.tsx(7,5): error TS6133: 'Calendar' is declared but its value is never read.
src/app/dashboard/customer/lease/[id]/page.tsx(16,5): error TS6133: 'CheckCircle' is declared but its value is never read.
src/app/dashboard/customer/lease/[id]/page.tsx(17,5): error TS6133: 'ArrowRight' is declared but its value is never read.
src/app/dashboard/customer/lease/[id]/page.tsx(19,5): error TS6133: 'Car' is declared but its value is never read.
src/app/dashboard/customer/lease/[id]/page.tsx(98,74): error TS2339: Property 'location' does not exist on type 'Property'.
src/app/dashboard/customer/lease/[id]/page.tsx(113,55): error TS2339: Property 'type' does not exist on type 'Property'.
src/app/dashboard/customer/lease/[id]/page.tsx(114,55): error TS2339: Property 'type' does not exist on type 'Property'.
src/app/dashboard/customer/page.tsx(4,1): error TS6133: 'TabsPrimitive' is declared but its value is never read.
src/app/dashboard/customer/page.tsx(5,51): error TS6133: 'getImageUrl' is declared but its value is never read.
src/app/dashboard/customer/page.tsx(24,5): error TS6133: 'ImagePlus' is declared but its value is never read.
src/app/dashboard/customer/page.tsx(39,5): error TS6133: 'DialogFooter' is declared but its value is never read.
src/app/dashboard/customer/page.tsx(43,5): error TS6133: 'mockApplications' is declared but its value is never read.
src/app/dashboard/customer/page.tsx(47,5): error TS6133: 'mockFavorites' is declared but its value is never read.
src/app/dashboard/customer/page.tsx(66,1): error TS6133: 'useTransactionStore' is declared but its value is never read.
src/app/dashboard/customer/page.tsx(82,12): error TS6133: 'initiateChatData' is declared but its value is never read.
src/app/dashboard/customer/page.tsx(82,30): error TS6133: 'setInitiateChatData' is declared but its value is never read.
src/app/dashboard/customer/page.tsx(83,12): error TS6133: 'openingMessage' is declared but its value is never read.
src/app/dashboard/customer/page.tsx(83,28): error TS6133: 'setOpeningMessage' is declared but its value is never read.
src/app/dashboard/customer/page.tsx(106,11): error TS6133: 'isCustomerLoading' is declared but its value is never read.
src/app/dashboard/customer/page.tsx(117,11): error TS6133: 'handleRemoveFavorite' is declared but its value is never read.
src/app/dashboard/customer/page.tsx(393,98): error TS2339: Property 'location' does not exist on type 'Property'.
src/app/dashboard/customer/page.tsx(432,135): error TS2339: Property 'paymentModel' does not exist on type 'Lease'.
src/app/dashboard/customer/page.tsx(819,71): error TS6133: 'index' is declared but its value is never read.
src/app/dashboard/owner/documents/contract/[id]/page.tsx(9,5): error TS6133: 'FileText' is declared but its value is never read.
src/app/dashboard/owner/documents/contract/[id]/page.tsx(11,5): error TS6133: 'Calendar' is declared but its value is never read.
src/app/dashboard/owner/documents/contract/[id]/page.tsx(12,5): error TS6133: 'User' is declared but its value is never read.
src/app/dashboard/owner/documents/contract/[id]/page.tsx(14,5): error TS6133: 'MapPin' is declared but its value is never read.
src/app/dashboard/owner/documents/contract/[id]/page.tsx(15,5): error TS6133: 'Square' is declared but its value is never read.
src/app/dashboard/owner/documents/contract/[id]/page.tsx(104,98): error TS2339: Property 'location' does not exist on type 'Property'.
src/app/dashboard/owner/documents/receipt/[id]/page.tsx(20,1): error TS6133: 'cn' is declared but its value is never read.
src/app/dashboard/owner/lease/[id]/page.tsx(3,15): error TS6133: 'useState' is declared but its value is never read.
src/app/dashboard/owner/lease/[id]/page.tsx(8,5): error TS6133: 'Calendar' is declared but its value is never read.
src/app/dashboard/owner/lease/[id]/page.tsx(13,5): error TS6133: 'Download' is declared but its value is never read.
src/app/dashboard/owner/lease/[id]/page.tsx(17,5): error TS6133: 'CheckCircle' is declared but its value is never read.
src/app/dashboard/owner/lease/[id]/page.tsx(20,5): error TS6133: 'Bell' is declared but its value is never read.
src/app/dashboard/owner/lease/[id]/page.tsx(101,74): error TS2339: Property 'location' does not exist on type 'Property'.
src/app/dashboard/owner/lease/[id]/page.tsx(116,55): error TS2339: Property 'type' does not exist on type 'Property'.
src/app/dashboard/owner/lease/[id]/page.tsx(117,55): error TS2339: Property 'type' does not exist on type 'Property'.
src/app/dashboard/owner/lease/[id]/page.tsx(261,88): error TS2339: Property 'ownerId' does not exist on type 'Property'.
src/app/dashboard/owner/lease/create/page.tsx(7,1): error TS6133: 'Link' is declared but its value is never read.
src/app/dashboard/owner/page.tsx(22,5): error TS6133: 'Camera' is declared but its value is never read.
src/app/dashboard/owner/page.tsx(27,5): error TS6133: 'MessageSquare' is declared but its value is never read.
src/app/dashboard/owner/page.tsx(52,1): error TS6133: 'Label' is declared but its value is never read.
src/app/dashboard/owner/page.tsx(53,1): error TS6133: 'Textarea' is declared but its value is never read.
src/app/dashboard/owner/page.tsx(81,12): error TS6133: 'isNewRequestOpen' is declared but its value is never read.
src/app/dashboard/owner/page.tsx(81,30): error TS6133: 'setIsNewRequestOpen' is declared but its value is never read.
src/app/dashboard/owner/page.tsx(82,12): error TS6133: 'newRequest' is declared but its value is never read.
src/app/dashboard/owner/page.tsx(82,24): error TS6133: 'setNewRequest' is declared but its value is never read.
src/app/dashboard/owner/page.tsx(522,71): error TS6133: 'index' is declared but its value is never read.
src/app/listings/page.tsx(5,10): error TS6133: 'Filter' is declared but its value is never read.
src/app/page.tsx(18,5): error TS6133: 'ChevronLeft' is declared but its value is never read.
src/app/page.tsx(19,5): error TS6133: 'ChevronRight' is declared but its value is never read.
src/app/property/[id]/page.tsx(19,5): error TS6133: 'MessageSquareText' is declared but its value is never read.
src/app/search/components/FiltersBar.tsx(6,30): error TS6133: 'Search' is declared but its value is never read.
src/app/search/components/FiltersBar.tsx(6,44): error TS6133: 'Car' is declared but its value is never read.
src/app/search/components/FiltersBar.tsx(17,9): error TS6133: 'searchType' is declared but its value is never read.
src/app/search/components/FiltersBar.tsx(21,9): error TS6133: 'setSearchType' is declared but its value is never read.
src/app/search/components/Listings.tsx(20,43): error TS2554: Expected 1 arguments, but got 2.
src/app/search/components/Listings.tsx(22,40): error TS2554: Expected 1 arguments, but got 2.
src/app/search/page.tsx(45,28): error TS2554: Expected 0 arguments, but got 1.
src/components/forms/CreateLeaseForm.tsx(8,5): error TS6133: 'FormDescription' is declared but its value is never read.
src/components/forms/CreateLeaseForm.tsx(46,71): error TS2339: Property 'ownerId' does not exist on type 'Property'.
src/components/forms/CreateLeaseForm.tsx(47,49): error TS2339: Property 'ownerId' does not exist on type 'Property'.
src/components/forms/CreateLeaseForm.tsx(65,27): error TS2769: No overload matches this call.
  Overload 1 of 4, '(names: readonly ("propertyId" | "leaseType" | "startDate" | "endDate" | "totalPrice" | "recurringAmount" | "terms" | "paymentModel")[], defaultValue?: { propertyId?: string | undefined; leaseType?: "LongTerm" | undefined; ... 5 more ...; terms?: string | undefined; } | undefined): readonly string[]', gave the following error.
    Argument of type 'string' is not assignable to parameter of type 'readonly ("propertyId" | "leaseType" | "startDate" | "endDate" | "totalPrice" | "recurringAmount" | "terms" | "paymentModel")[]'.
  Overload 2 of 4, '(name: "propertyId" | "leaseType" | "startDate" | "endDate" | "totalPrice" | "recurringAmount" | "terms" | "paymentModel", defaultValue?: string | undefined): string', gave the following error.
    Argument of type '"ownerId"' is not assignable to parameter of type '"propertyId" | "leaseType" | "startDate" | "endDate" | "totalPrice" | "recurringAmount" | "terms" | "paymentModel"'.
  Overload 3 of 4, '(callback: WatchObserver<{ propertyId: string; leaseType: "LongTerm"; startDate: string; endDate: string; paymentModel: "Recurring"; totalPrice: string; recurringAmount: string; terms: string; }>, defaultValues?: { ...; } | undefined): Subscription', gave the following error.
    Argument of type 'string' is not assignable to parameter of type 'WatchObserver<{ propertyId: string; leaseType: "LongTerm"; startDate: string; endDate: string; paymentModel: "Recurring"; totalPrice: string; recurringAmount: string; terms: string; }>'.
src/components/forms/CreateLeaseForm.tsx(72,40): error TS2339: Property 'ownerId' does not exist on type 'Property'.
src/components/forms/CreateLeaseForm.tsx(121,33): error TS2322: Type '"ownerId"' is not assignable to type '"propertyId" | "leaseType" | "startDate" | "endDate" | "totalPrice" | "recurringAmount" | "terms" | "paymentModel"'.
src/components/forms/CreateLeaseForm.tsx(153,33): error TS2322: Type '"tenantId"' is not assignable to type '"propertyId" | "leaseType" | "startDate" | "endDate" | "totalPrice" | "recurringAmount" | "terms" | "paymentModel"'.
src/components/Navbar.tsx(8,3): error TS6133: 'Home' is declared but its value is never read.
src/components/Navbar.tsx(11,3): error TS6133: 'MessageSquare' is declared but its value is never read.
src/components/Navbar.tsx(20,3): error TS6133: 'DropdownMenuLabel' is declared but its value is never read.
src/lib/constants.ts(14,5): error TS6133: 'Shield' is declared but its value is never read.
src/lib/constants.ts(19,5): error TS6133: 'PawPrint' is declared but its value is never read.
src/lib/constants.ts(20,5): error TS6133: 'Coffee' is declared but its value is never read.
